MINT                                          SYMBOL  NAME          USD_CAP  COMPLETE
DZQPU9RmUyCSyUMmy611562SJToJknBzQSg2pGqapump  PEPE    Solana Pepe   0.00     false
11111111111111111111111111111111                      Solana asset  0.00     false
Next offset:                                  8
