items:
  - mint: DZQPU9RmUyCSyUMmy611562SJToJknBzQSg2pGqapump
    name: Solana Pepe
    symbol: PEPE
    created_timestamp: 0
    complete: false
    market_cap: 0
    usd_market_cap: 0
    total_supply: "1000000000000000"
    base_decimals: 0
    quote_decimals: 0
    chain_id: solana:5eykt4UsFv8P8NJdTREpY1vzqKqZKvdp
    nsfw: false
  - mint: "11111111111111111111111111111111"
    name: Solana asset
    symbol: ""
    created_timestamp: 0
    complete: false
    market_cap: 0
    usd_market_cap: 0
    total_supply: "18446744073709551615"
    base_decimals: 0
    quote_decimals: 0
    nsfw: false
offset: 4
limit: 4
has_more: true
next_offset: 8
order_by: market_cap DESC
skipped_non_solana: 2
